// Jest Snapshot v1, https://goo.gl/fbAQLP

exports[`renders sort opctions selector unchanged 1`] = `
<div>
  <div
    class="sc-d2de8d94-0 fQlvBD"
    data-testid="sortContainer"
  >
    <button
      class="sc-d2de8d94-7 dndIoj"
    >
      <img
        alt="open sidebar"
        data-nimg="1"
        decoding="async"
        height="20"
        loading="lazy"
        src="/icons/burger-icon.svg"
        style="color: transparent;"
        width="20"
      />
    </button>
    <div
      class="sc-d2de8d94-1 FoZaU"
    >
      <div
        class="sc-d2de8d94-2 fURfgz"
      >
        <p>
          Ordenar por
        </p>
      </div>
      <div
        class="sc-d2de8d94-3 fJdPS"
      >
        <p>
          Selecciona
        </p>
        <img
          alt="selector"
          class="sc-d2de8d94-4 heBvGm"
          height="16"
          src="/icons/arrow-selector-icon.svg"
          width="16"
        />
      </div>
    </div>
  </div>
</div>
`;
