// Jest Snapshot v1, https://goo.gl/fbAQLP

exports[`renders sort opctions selector unchanged 1`] = `
<div>
  <div
    class="sc-d2352733-0 eHjqVo"
    data-testid="sortContainer"
  >
    <button
      class="sc-d2352733-7 gsjXJB"
    >
      <img
        alt="open sidebar"
        data-nimg="1"
        decoding="async"
        height="20"
        loading="lazy"
        src="/icons/burger-icon.svg"
        style="color: transparent;"
        width="20"
      />
    </button>
    <div
      class="sc-d2352733-1 jSoIhH"
    >
      <div
        class="sc-d2352733-2 ewWwLF"
      >
        <p>
          Ordenar por
        </p>
      </div>
      <div
        class="sc-d2352733-3 ispvDT"
      >
        <p>
          Selecciona
        </p>
        <img
          alt="selector"
          class="sc-d2352733-4 iHvwhI"
          height="16"
          src="/icons/arrow-selector-icon.svg"
          width="16"
        />
      </div>
    </div>
  </div>
</div>
`;
